The files belonging to this database system will be owned by user "postgres".
This user must also own the server process.

The database cluster will be initialized with locale "en_US.utf8".
The default database encoding has accordingly been set to "UTF8".
The default text search configuration will be set to "english".

Data page checksums are disabled.

fixing permissions on existing directory /var/lib/postgresql/data ... ok
creating subdirectories ... ok
selecting dynamic shared memory implementation ... posix
selecting default max_connections ... 100
selecting default shared_buffers ... 128MB
selecting default time zone ... UTC
creating configuration files ... ok
running bootstrap script ... ok
performing post-bootstrap initialization ... ok
syncing data to disk ... ok


Success. You can now start the database server using:

    pg_ctl -D /var/lib/postgresql/data -l logfile start

waiting for server to start....2026-10-04 17:33:03.978 UTC [39] LOG:  starting PostgreSQL 16.15 on aarch64-unknown-linux-musl, compiled by gcc (Alpine 15.2.0) 15.2.0, 64-bit
2026-10-04 17:33:03.981 UTC [39] LOG:  listening on Unix socket "/var/run/postgresql/.s.PGSQL.5432"
2026-10-04 17:33:03.989 UTC [42] LOG:  database system was shut down at 2026-10-04 17:33:02 UTC
2026-10-04 17:33:03.992 UTC [39] LOG:  database system is ready to accept connections
 done
server started

/usr/local/bin/docker-entrypoint.sh: ignoring /docker-entrypoint-initdb.d/*

waiting for server to shut down....2026-10-04 17:33:04.074 UTC [39] LOG:  received fast shutdown request
2026-10-04 17:33:04.078 UTC [39] LOG:  aborting any active transactions
2026-10-04 17:33:04.081 UTC [39] LOG:  background worker "logical replication launcher" (PID 45) exited with exit code 1
2026-10-04 17:33:04.081 UTC [40] LOG:  shutting down
2026-10-04 17:33:04.082 UTC [40] LOG:  checkpoint starting: shutdown immediate
2026-10-04 17:33:04.092 UTC [40] LOG:  checkpoint complete: wrote 3 buffers (0.0%); 0 WAL file(s) added, 0 removed, 0 recycled; write=0.001 s, sync=0.002 s, total=0.012 s; sync files=2, longest=0.002 s, average=0.001 s; distance=0 kB, estimate=0 kB; lsn=0/14F7160, redo lsn=0/14F7160
2026-10-04 17:33:04.099 UTC [39] LOG:  database system is shut down
 done
server stopped

PostgreSQL init process complete; ready for start up.


PostgreSQL Database directory appears to contain a database; Skipping initialization

sh: locale: not found
2026-10-04 17:33:01.556 UTC [33] WARNING:  no usable system locales were found
initdb: warning: enabling "trust" authentication for local connections
initdb: hint: You can change this by editing pg_hba.conf or using the option -A, or --auth-local and --auth-host, the next time you run initdb.
2026-10-04 17:33:04.200 UTC [1] LOG:  starting PostgreSQL 16.15 on aarch64-unknown-linux-musl, compiled by gcc (Alpine 15.2.0) 15.2.0, 64-bit
2026-10-04 17:33:04.200 UTC [1] LOG:  listening on IPv4 address "0.0.0.0", port 5432
2026-10-04 17:33:04.200 UTC [1] LOG:  listening on IPv6 address "::", port 5432
2026-10-04 17:33:04.206 UTC [1] LOG:  listening on Unix socket "/var/run/postgresql/.s.PGSQL.5432"
2026-10-04 17:33:04.211 UTC [53] LOG:  database system was shut down at 2026-10-04 17:33:04 UTC
2026-10-04 17:33:04.218 UTC [1] LOG:  database system is ready to accept connections
2026-10-04 17:33:10.763 UTC [1] LOG:  received fast shutdown request
2026-10-04 17:33:10.765 UTC [1] LOG:  aborting any active transactions
2026-10-04 17:33:10.769 UTC [1] LOG:  background worker "logical replication launcher" (PID 56) exited with exit code 1
2026-10-04 17:33:10.770 UTC [51] LOG:  shutting down
2026-10-04 17:33:10.772 UTC [51] LOG:  checkpoint starting: shutdown immediate
2026-10-04 17:33:11.476 UTC [51] LOG:  checkpoint complete: wrote 774 buffers (4.7%); 0 WAL file(s) added, 0 removed, 0 recycled; write=0.099 s, sync=0.588 s, total=0.706 s; sync files=536, longest=0.014 s, average=0.002 s; distance=7168 kB, estimate=7168 kB; lsn=0/1BF7270, redo lsn=0/1BF7270
2026-10-04 17:33:11.485 UTC [1] LOG:  database system is shut down
2026-10-04 17:33:11.960 UTC [1] LOG:  starting PostgreSQL 16.15 on aarch64-unknown-linux-musl, compiled by gcc (Alpine 15.2.0) 15.2.0, 64-bit
2026-10-04 17:33:11.960 UTC [1] LOG:  listening on IPv4 address "0.0.0.0", port 5432
2026-10-04 17:33:11.960 UTC [1] LOG:  listening on IPv6 address "::", port 5432
2026-10-04 17:33:11.973 UTC [1] LOG:  listening on Unix socket "/var/run/postgresql/.s.PGSQL.5432"
2026-10-04 17:33:11.982 UTC [28] LOG:  database system was shut down at 2026-10-04 17:33:11 UTC
2026-10-04 17:33:11.998 UTC [1] LOG:  database system is ready to accept connections
2026-10-04 17:33:13.540 UTC [39] ERROR:  invalid input syntax for type uuid: ""
2026-10-04 17:33:13.540 UTC [39] STATEMENT:  SELECT settlement.receipt_id::text
	               FROM storyos.author_command_admission_settlements AS settlement
	              WHERE settlement.owner_user_id = $1::text::uuid
	                AND settlement.project_id = $2::text::uuid
	                AND settlement.author_command_admission_id = $3::text::uuid
	                AND settlement.settlement_kind = 'receipt_settled'
